  Geri y├╝klenecek projeler belirleniyor...
  Geri y├╝kleme i├ºin t├╝m projeler g├╝ncel.
  ClickHouseLogger.Abstractions -> d:\Sarp\IronLogger\src\ClickHouseLogger.Abstractions\bin\Release\net8.0\ClickHouseLogger.Abstractions.dll
  ClickHouseLogger.Core -> d:\Sarp\IronLogger\src\ClickHouseLogger.Core\bin\Release\net8.0\ClickHouseLogger.Core.dll
  ClickHouseLogger.Sinks.ClickHouse -> d:\Sarp\IronLogger\src\ClickHouseLogger.Sinks.ClickHouse\bin\Release\net8.0\ClickHouseLogger.Sinks.ClickHouse.dll
  ClickHouseLogger.Extensions.Logging -> d:\Sarp\IronLogger\src\ClickHouseLogger.Extensions.Logging\bin\Release\net8.0\ClickHouseLogger.Extensions.Logging.dll
d:\Sarp\IronLogger\tests\ClickHouseLogger.Tests.Integration\ClickHouseFixture.cs(24,32): warning CS0618: 'ClickHouseBuilder.ClickHouseBuilder()' art─▒k kullan─▒lm─▒yor: 'This parameterless constructor is obsolete and will be removed. Use the constructor with the image parameter instead: https://github.com/testcontainers/testcontainers-dotnet/discussions/1470#discussioncomment-15185721.' [d:\Sarp\IronLogger\tests\ClickHouseLogger.Tests.Integration\ClickHouseLogger.Tests.Integration.csproj]
d:\Sarp\IronLogger\tests\ClickHouseLogger.Tests.Integration\ClickHouseLoggerIntegrationTests.cs(25,55): error CS0117: 'InternalLog' bir 'LogAction' tan─▒m─▒ i├ºermiyor [d:\Sarp\IronLogger\tests\ClickHouseLogger.Tests.Integration\ClickHouseLogger.Tests.Integration.csproj]
d:\Sarp\IronLogger\tests\ClickHouseLogger.Tests.Integration\ClickHouseLoggerIntegrationTests.cs(14,14): warning CA1711: ClickHouseIntegrationCollection t├╝r ad─▒n─▒ 'Collection' ile bitmeyecek ┼ƒekilde yeniden adland─▒r─▒n (https://learn.microsoft.com/dotnet/fundamentals/code-analysis/quality-rules/ca1711) [d:\Sarp\IronLogger\tests\ClickHouseLogger.Tests.Integration\ClickHouseLogger.Tests.Integration.csproj]
d:\Sarp\IronLogger\tests\ClickHouseLogger.Tests.Integration\ClickHouseFixture.cs(40,84): warning CA1310: 'string.StartsWith(string)' ├Â─ƒesinin davran─▒┼ƒ─▒, ge├ºerli kullan─▒c─▒n─▒n yerel ayarlar─▒na g├Âre farkl─▒l─▒k g├Âsterebilir. 'ClickHouseLogger.Tests.Integration.ClickHouseFixture.InitializeAsync()' ├Â─ƒesinde bu ├ºa─ƒr─▒y─▒ bir 'string.StartsWith(string, System.StringComparison)' ├ºa─ƒr─▒s─▒yla de─ƒi┼ƒtirin. (https://learn.microsoft.com/dotnet/fundamentals/code-analysis/quality-rules/ca1310) [d:\Sarp\IronLogger\tests\ClickHouseLogger.Tests.Integration\ClickHouseLogger.Tests.Integration.csproj]
d:\Sarp\IronLogger\tests\ClickHouseLogger.Tests.Integration\ClickHouseLoggerIntegrationTests.cs(32,23): warning CA1707: ClickHouseLogger.Tests.Integration.ClickHouseLoggerIntegrationTests.Logs_AreWrittenTo_ClickHouseObservabilityTable_WithMapProperties() ├╝ye ad─▒ndan alt ├ºizgileri kald─▒r─▒n (https://learn.microsoft.com/dotnet/fundamentals/code-analysis/quality-rules/ca1707) [d:\Sarp\IronLogger\tests\ClickHouseLogger.Tests.Integration\ClickHouseLogger.Tests.Integration.csproj]
d:\Sarp\IronLogger\tests\ClickHouseLogger.Tests.Integration\ClickHouseLoggerIntegrationTests.cs(65,13): warning CA1873: G├╝nl├╝─ƒe kaydetme devre d─▒┼ƒ─▒ b─▒rak─▒l─▒rsa bu ba─ƒ─▒ms─▒z de─ƒi┼ƒkenin de─ƒerlendirmesi pahal─▒ ve gereksiz olabilir (https://learn.microsoft.com/dotnet/fundamentals/code-analysis/quality-rules/ca1873) [d:\Sarp\IronLogger\tests\ClickHouseLogger.Tests.Integration\ClickHouseLogger.Tests.Integration.csproj]
d:\Sarp\IronLogger\tests\ClickHouseLogger.Tests.Integration\ClickHouseLoggerIntegrationTests.cs(137,19): warning CA2201: System.Exception ├Âzel durum t├╝r├╝ yeterince belirli de─ƒil (https://learn.microsoft.com/dotnet/fundamentals/code-analysis/quality-rules/ca2201) [d:\Sarp\IronLogger\tests\ClickHouseLogger.Tests.Integration\ClickHouseLogger.Tests.Integration.csproj]
d:\Sarp\IronLogger\tests\ClickHouseLogger.Tests.Integration\ClickHouseLoggerIntegrationTests.cs(65,13): warning CA1848: ─░yile┼ƒtirilmi┼ƒ performans i├ºin 'LoggerExtensions.LogInformation(ILogger, EventId, string?, params object?[])' ├ºa─ƒ─▒rmak yerine LoggerMessage temsilcilerini kullan─▒n (https://learn.microsoft.com/dotnet/fundamentals/code-analysis/quality-rules/ca1848) [d:\Sarp\IronLogger\tests\ClickHouseLogger.Tests.Integration\ClickHouseLogger.Tests.Integration.csproj]
